// Jest Snapshot v1, https://goo.gl/fbAQLP

exports[`Transactions page renders snapshots 1`] = `
<BVLinearGradient
  colors={
    Array [
      -12483651,
      -16172276,
    ]
  }
  endPoint={
    Object {
      "x": 1.2,
      "y": 1.2,
    }
  }
  locations={
    Array [
      0,
      1,
    ]
  }
  startPoint={
    Object {
      "x": -0.1,
      "y": -0.1,
    }
  }
  style={
    Object {
      "flex": 1,
    }
  }
>
  <RCTSafeAreaView
    style={
      Object {
        "flex": 1,
        "zIndex": 0,
      }
    }
  >
    <View
      style={
        Object {
          "alignItems": "flex-start",
          "elevation": 6,
          "flexDirection": "row",
          "height": 120,
          "justifyContent": "space-between",
          "marginTop": 30,
          "paddingHorizontal": 10,
          "shadowColor": "rgb(0,0,0)",
          "shadowOffset": Object {
            "height": 4,
            "width": 2,
          },
          "shadowOpacity": 0.34,
          "zIndex": 0,
        }
      }
    >
      <View
        accessible={true}
        isTVSelectable={true}
        onResponderGrant={[Function]}
        onResponderMove={[Function]}
        onResponderRelease={[Function]}
        onResponderTerminate={[Function]}
        onResponderTerminationRequest={[Function]}
        onStartShouldSetResponder={[Function]}
        style={
          Object {
            "height": 18,
            "opacity": 1,
          }
        }
      >
        <Image
          source={
            Object {
              "testUri": "../../../src/assets/menuIcon.png",
            }
          }
          style={
            Object {
              "flex": 1,
              "marginLeft": 8,
              "resizeMode": "contain",
              "width": 18,
            }
          }
        />
      </View>
      <Image
        source={
          Object {
            "testUri": "../../../src/assets/logo-dashboard.png",
          }
        }
        style={
          Object {
            "height": 100,
            "resizeMode": "contain",
            "width": 100,
          }
        }
      />
      <View
        accessible={true}
        isTVSelectable={true}
        onResponderGrant={[Function]}
        onResponderMove={[Function]}
        onResponderRelease={[Function]}
        onResponderTerminate={[Function]}
        onResponderTerminationRequest={[Function]}
        onStartShouldSetResponder={[Function]}
        style={
          Object {
            "height": 18,
            "opacity": 1,
          }
        }
      >
        <Image
          source={
            Object {
              "testUri": "../../../src/assets/Activity.png",
            }
          }
          style={
            Object {
              "flex": 1,
              "marginRight": 8,
              "resizeMode": "contain",
              "width": 18,
            }
          }
        />
      </View>
    </View>
    <View
      style={
        Object {
          "backgroundColor": "#EFF4FC",
          "flex": 4,
          "paddingBottom": 8,
        }
      }
    >
      <View
        style={
          Object {
            "flex": 1,
          }
        }
      >
        <View
          style={
            Object {
              "borderRadius": 15,
              "elevation": 10,
              "flex": 1,
              "marginBottom": 15,
              "marginHorizontal": 30,
              "marginTop": 25,
              "padding": 2,
              "shadowColor": "rgb(0,0,0)",
              "shadowOffset": Object {
                "height": 4,
                "width": 2,
              },
              "shadowOpacity": 0.34,
            }
          }
        >
          <View
            style={
              Object {
                "alignItems": "center",
                "backgroundColor": "#4183BD",
                "borderTopLeftRadius": 15,
                "borderTopRightRadius": 15,
                "flexDirection": "row",
                "height": 50,
                "justifyContent": "space-around",
              }
            }
          >
            <View
              accessible={true}
              isTVSelectable={true}
              onResponderGrant={[Function]}
              onResponderMove={[Function]}
              onResponderRelease={[Function]}
              onResponderTerminate={[Function]}
              onResponderTerminationRequest={[Function]}
              onStartShouldSetResponder={[Function]}
              style={
                Object {
                  "opacity": 1,
                }
              }
            >
              <Text
                style={
                  Object {
                    "color": "white",
                    "fontFamily": "Lato-Regular",
                    "fontSize": 18,
                  }
                }
              >
                ALL
              </Text>
            </View>
            <View
              accessible={true}
              isTVSelectable={true}
              onResponderGrant={[Function]}
              onResponderMove={[Function]}
              onResponderRelease={[Function]}
              onResponderTerminate={[Function]}
              onResponderTerminationRequest={[Function]}
              onStartShouldSetResponder={[Function]}
              style={
                Object {
                  "opacity": 1,
                }
              }
            >
              <Text
                style={
                  Object {
                    "color": "white",
                    "fontFamily": "Lato-Light",
                    "fontSize": 18,
                    "opacity": 0.7,
                  }
                }
              >
                INCOME
              </Text>
            </View>
            <View
              accessible={true}
              isTVSelectable={true}
              onResponderGrant={[Function]}
              onResponderMove={[Function]}
              onResponderRelease={[Function]}
              onResponderTerminate={[Function]}
              onResponderTerminationRequest={[Function]}
              onStartShouldSetResponder={[Function]}
              style={
                Object {
                  "opacity": 1,
                }
              }
            >
              <Text
                style={
                  Object {
                    "color": "white",
                    "fontFamily": "Lato-Light",
                    "fontSize": 18,
                    "opacity": 0.7,
                  }
                }
              >
                OUTCOME
              </Text>
            </View>
          </View>
          <View
            style={
              Object {
                "backgroundColor": "white",
                "borderBottomLeftRadius": 15,
                "borderBottomRightRadius": 15,
                "flex": 1,
              }
            }
          >
            <View
              style={
                Object {
                  "alignItems": "center",
                  "flex": 1,
                  "justifyContent": "center",
                }
              }
            >
              <Text
                style={
                  Object {
                    "fontFamily": "Lato-Light",
                    "marginBottom": 12,
                  }
                }
              >
                no transactions yet
              </Text>
            </View>
          </View>
        </View>
      </View>
    </View>
  </RCTSafeAreaView>
  <View
    style={
      Object {
        "backgroundColor": "#EFF4FC",
        "height": 0,
      }
    }
  />
</BVLinearGradient>
`;
