// Jest Snapshot v1, https://goo.gl/fbAQLP

exports[`SwitchContacts page renders snapshots 1`] = `
<View
  accessible={true}
  isTVSelectable={true}
  onResponderGrant={[Function]}
  onResponderMove={[Function]}
  onResponderRelease={[Function]}
  onResponderTerminate={[Function]}
  onResponderTerminationRequest={[Function]}
  onStartShouldSetResponder={[Function]}
  style={
    Object {
      "backgroundColor": "transparent",
      "flex": 1,
      "flexDirection": "column",
      "justifyContent": "flex-end",
    }
  }
>
  <View
    accessible={true}
    isTVSelectable={true}
    onResponderGrant={[Function]}
    onResponderMove={[Function]}
    onResponderRelease={[Function]}
    onResponderTerminate={[Function]}
    onResponderTerminationRequest={[Function]}
    onStartShouldSetResponder={[Function]}
    style={
      Object {
        "alignItems": "flex-start",
        "backgroundColor": "#EFF4FC",
        "borderTopLeftRadius": 12,
        "borderTopRightRadius": 12,
        "borderWidth": 0,
        "height": 220,
        "width": "100%",
      }
    }
  >
    <View
      style={
        Object {
          "flex": 1,
          "width": "100%",
        }
      }
    >
      <View
        style={
          Object {
            "borderBottomColor": "#D8D8D8",
            "borderBottomWidth": 1,
            "height": 110,
          }
        }
      >
        <View
          style={
            Object {
              "alignItems": "center",
              "flex": 1,
              "justifyContent": "center",
            }
          }
        >
          <View
            accessible={true}
            isTVSelectable={true}
            onResponderGrant={[Function]}
            onResponderMove={[Function]}
            onResponderRelease={[Function]}
            onResponderTerminate={[Function]}
            onResponderTerminationRequest={[Function]}
            onStartShouldSetResponder={[Function]}
            style={
              Object {
                "alignItems": "center",
                "backgroundColor": "#4183BD",
                "borderColor": "#BBCDEB",
                "borderRadius": 74,
                "borderWidth": 8,
                "height": 64,
                "justifyContent": "center",
                "marginHorizontal": 25,
                "opacity": 1,
                "width": "80%",
              }
            }
          >
            <Text
              style={
                Object {
                  "color": "white",
                  "fontFamily": "Lato-Regular",
                  "fontSize": 18,
                }
              }
            >
              Add new contact
            </Text>
          </View>
        </View>
      </View>
      <View
        style={
          Object {
            "borderBottomColor": "#D8D8D8",
            "borderBottomWidth": 1,
            "height": 110,
          }
        }
      >
        <View
          style={
            Object {
              "alignItems": "center",
              "flex": 1,
              "justifyContent": "center",
            }
          }
        >
          <View
            accessible={true}
            isTVSelectable={true}
            onResponderGrant={[Function]}
            onResponderMove={[Function]}
            onResponderRelease={[Function]}
            onResponderTerminate={[Function]}
            onResponderTerminationRequest={[Function]}
            onStartShouldSetResponder={[Function]}
            style={
              Object {
                "alignItems": "center",
                "backgroundColor": "#4183BD",
                "borderColor": "#BBCDEB",
                "borderRadius": 74,
                "borderWidth": 8,
                "height": 64,
                "justifyContent": "center",
                "marginHorizontal": 25,
                "opacity": 1,
                "width": "80%",
              }
            }
          >
            <Text
              style={
                Object {
                  "color": "white",
                  "fontFamily": "Lato-Regular",
                  "fontSize": 18,
                }
              }
            >
              Choose contact
            </Text>
          </View>
        </View>
      </View>
    </View>
  </View>
</View>
`;
